
http://www.hotbot.com/?MT=Search+Engines&SM=MC&DV=0&LG=any&DC=10&DE=2&BT=H&Search.x=31&Search.y=7r
