> Here is some text that was cited from another source

*Here is some discussion of said text*

And here is some
preformatted text

> Here is some more text
And here is some more
preformatted text

