

80 char width (for reference only):
---------|---------|---------|---------|---------|---------|---------|---------|
Here is a link to mozilla.org.
Here is some underlined and boldenedified text.
This is a test to make sure the output converters pick up the moz-pre-wrap style.  They don't necessarily have to pick up the exact wrap setting.

- This should be tested with wrapping on.
- This should be tested with wrapping off.

This is the end.
