<!DOCTYPE HTML PUBLIC "-//W3C//DTD HTML 3.2//EN">
<body>Here is some content inside a doctype
</body>
